00:00 +0: loading D:/SkillConnect/test/unit_test.dart
00:00 +0: D:/SkillConnect/test/unit_test.dart: ProviderModel Tests should return a valid model from JSON
00:00 +1: D:/SkillConnect/test/unit_test.dart: ProviderModel Tests should return a valid JSON map from model
00:00 +2: D:/SkillConnect/test/unit_test.dart: BookingModel Tests should return a valid model from Firestore data
00:00 +3: D:/SkillConnect/test/unit_test.dart: BookingModel Tests should correctly serialize status field
00:00 +4: D:/SkillConnect/test/widget_test.dart: HomePage has a title and categories
ΓòÉΓòÉΓòí EXCEPTION CAUGHT BY WIDGETS LIBRARY Γò₧ΓòÉΓòÉΓòÉΓòÉΓòÉΓòÉΓòÉΓòÉΓòÉΓòÉΓòÉΓòÉΓòÉΓòÉΓòÉΓòÉΓòÉΓòÉΓòÉΓòÉΓòÉΓòÉΓòÉΓòÉΓòÉΓòÉΓòÉΓòÉΓòÉΓòÉΓòÉΓòÉΓòÉΓòÉΓòÉΓòÉΓòÉΓòÉΓòÉΓòÉΓòÉΓòÉΓòÉΓòÉΓòÉΓòÉΓòÉΓòÉΓòÉΓòÉΓòÉΓòÉΓòÉΓòÉΓòÉΓòÉΓòÉΓòÉΓòÉ
The following ProviderNotFoundException was thrown building Builder:
Error: Could not find the correct Provider<ProviderBloc> above this HomePage Widget

This happens because you used a `BuildContext` that does not include the provider
of your choice. There are a few common scenarios:

- You added a new provider in your `main.dart` and performed a hot-reload.
  To fix, perform a hot-restart.

- The provider you are trying to read is in a different route.

  Providers are "scoped". So if you insert of provider inside a route, then
  other routes will not be able to access that provider.

- You used a `BuildContext` that is an ancestor of the provider you are trying to read.

  Make sure that HomePage is under your MultiProvider/Provider<ProviderBloc>.
  This usually happens when you are creating a provider and trying to read it immediately.

  For example, instead of:

  ```
  Widget build(BuildContext context) {
    return Provider<Example>(
      create: (_) => Example(),
      // Will throw a ProviderNotFoundError, because `context` is associated
      // to the widget that is the parent of `Provider<Example>`
      child: Text(context.watch<Example>().toString()),
    );
  }
  ```

  consider using `builder` like so:

  ```
  Widget build(BuildContext context) {
    return Provider<Example>(
      create: (_) => Example(),
      // we use `builder` to obtain a new `BuildContext` that has access to the provider
      builder: (context, child) {
        // No longer throws
        return Text(context.watch<Example>().toString());
      }
    );
  }
  ```

If none of these solutions work, consider asking for help on StackOverflow:
https://stackoverflow.com/questions/tagged/flutter

The relevant error-causing widget was:
  MaterialApp MaterialApp:file:///D:/SkillConnect/test/widget_test.dart:7:35

When the exception was thrown, this was the stack:
#0      Provider._inheritedElementOf (package:provider/src/provider.dart:377:7)
#1      Provider.of (package:provider/src/provider.dart:327:30)
#2      ReadContext.read (package:provider/src/provider.dart:683:21)
#3      _HomePageState.initState (package:skillconnect/presentation/pages/home_page.dart:22:13)
#4      StatefulElement._firstBuild (package:flutter/src/widgets/framework.dart:5762:55)
#5      ComponentElement.mount (package:flutter/src/widgets/framework.dart:5607:5)
...     Normal element mounting (228 frames)
#233    Element.inflateWidget (package:flutter/src/widgets/framework.dart:4480:16)
#234    MultiChildRenderObjectElement.inflateWidget (package:flutter/src/widgets/framework.dart:7049:36)
#235    MultiChildRenderObjectElement.mount (package:flutter/src/widgets/framework.dart:7061:32)
...     Normal element mounting (457 frames)
#692    Element.inflateWidget (package:flutter/src/widgets/framework.dart:4480:16)
#693    Element.updateChild (package:flutter/src/widgets/framework.dart:3957:20)
#694    ComponentElement.performRebuild (package:flutter/src/widgets/framework.dart:5656:16)
#695    Element.rebuild (package:flutter/src/widgets/framework.dart:5347:7)
#696    ProxyElement.update (package:flutter/src/widgets/framework.dart:5960:5)
#697    _InheritedNotifierElement.update (package:flutter/src/widgets/inherited_notifier.dart:112:11)
#698    Element.updateChild (package:flutter/src/widgets/framework.dart:3941:15)
#699    ComponentElement.performRebuild (package:flutter/src/widgets/framework.dart:5656:16)
#700    StatefulElement.performRebuild (package:flutter/src/widgets/framework.dart:5794:11)
#701    Element.rebuild (package:flutter/src/widgets/framework.dart:5347:7)
#702    StatefulElement.update (package:flutter/src/widgets/framework.dart:5817:5)
#703    Element.updateChild (package:flutter/src/widgets/framework.dart:3941:15)
#704    ComponentElement.performRebuild (package:flutter/src/widgets/framework.dart:5656:16)
#705    Element.rebuild (package:flutter/src/widgets/framework.dart:5347:7)
#706    ProxyElement.update (package:flutter/src/widgets/framework.dart:5960:5)
#707    _InheritedNotifierElement.update (package:flutter/src/widgets/inherited_notifier.dart:112:11)
#708    Element.updateChild (package:flutter/src/widgets/framework.dart:3941:15)
#709    ComponentElement.performRebuild (package:flutter/src/widgets/framework.dart:5656:16)
#710    StatefulElement.performRebuild (package:flutter/src/widgets/framework.dart:5794:11)
#711    Element.rebuild (package:flutter/src/widgets/framework.dart:5347:7)
#712    StatefulElement.update (package:flutter/src/widgets/framework.dart:5817:5)
#713    Element.updateChild (package:flutter/src/widgets/framework.dart:3941:15)
#714    ComponentElement.performRebuild (package:flutter/src/widgets/framework.dart:5656:16)
#715    StatefulElement.performRebuild (package:flutter/src/widgets/framework.dart:5794:11)
#716    Element.rebuild (package:flutter/src/widgets/framework.dart:5347:7)
#717    StatefulElement.update (package:flutter/src/widgets/framework.dart:5817:5)
#718    Element.updateChild (package:flutter/src/widgets/framework.dart:3941:15)
#719    ComponentElement.performRebuild (package:flutter/src/widgets/framework.dart:5656:16)
#720    Element.rebuild (package:flutter/src/widgets/framework.dart:5347:7)
#721    ProxyElement.update (package:flutter/src/widgets/framework.dart:5960:5)
#722    Element.updateChild (package:flutter/src/widgets/framework.dart:3941:15)
#723    ComponentElement.performRebuild (package:flutter/src/widgets/framework.dart:5656:16)
#724    StatefulElement.performRebuild (package:flutter/src/widgets/framework.dart:5794:11)
#725    Element.rebuild (package:flutter/src/widgets/framework.dart:5347:7)
#726    StatefulElement.update (package:flutter/src/widgets/framework.dart:5817:5)
#727    Element.updateChild (package:flutter/src/widgets/framework.dart:3941:15)
#728    ComponentElement.performRebuild (package:flutter/src/widgets/framework.dart:5656:16)
#729    Element.rebuild (package:flutter/src/widgets/framework.dart:5347:7)
#730    ProxyElement.update (package:flutter/src/widgets/framework.dart:5960:5)
#731    Element.updateChild (package:flutter/src/widgets/framework.dart:3941:15)
#732    ComponentElement.performRebuild (package:flutter/src/widgets/framework.dart:5656:16)
#733    Element.rebuild (package:flutter/src/widgets/framework.dart:5347:7)
#734    ProxyElement.update (package:flutter/src/widgets/framework.dart:5960:5)
#735    Element.updateChild (package:flutter/src/widgets/framework.dart:3941:15)
#736    _RawViewElement._updateChild (package:flutter/src/widgets/view.dart:465:16)
#737    _RawViewElement.update (package:flutter/src/widgets/view.dart:552:5)
#738    Element.updateChild (package:flutter/src/widgets/framework.dart:3941:15)
#739    ComponentElement.performRebuild (package:flutter/src/widgets/framework.dart:5656:16)
#740    Element.rebuild (package:flutter/src/widgets/framework.dart:5347:7)
#741    StatelessElement.update (package:flutter/src/widgets/framework.dart:5707:5)
#742    Element.updateChild (package:flutter/src/widgets/framework.dart:3941:15)
#743    ComponentElement.performRebuild (package:flutter/src/widgets/framework.dart:5656:16)
#744    StatefulElement.performRebuild (package:flutter/src/widgets/framework.dart:5794:11)
#745    Element.rebuild (package:flutter/src/widgets/framework.dart:5347:7)
#746    StatefulElement.update (package:flutter/src/widgets/framework.dart:5817:5)
#747    Element.updateChild (package:flutter/src/widgets/framework.dart:3941:15)
#748    RootElement._rebuild (package:flutter/src/widgets/binding.dart:1636:16)
#749    RootElement.update (package:flutter/src/widgets/binding.dart:1614:5)
#750    RootElement.performRebuild (package:flutter/src/widgets/binding.dart:1628:7)
#751    Element.rebuild (package:flutter/src/widgets/framework.dart:5347:7)
#752    BuildScope._tryRebuild (package:flutter/src/widgets/framework.dart:2694:15)
#753    BuildScope._flushDirtyElements (package:flutter/src/widgets/framework.dart:2753:11)
#754    BuildOwner.buildScope (package:flutter/src/widgets/framework.dart:3048:18)
#755    AutomatedTestWidgetsFlutterBinding.drawFrame (package:flutter_test/src/binding.dart:1428:19)
#756    RendererBinding._handlePersistentFrameCallback (package:flutter/src/rendering/binding.dart:475:5)
#757    SchedulerBinding._invokeFrameCallback (package:flutter/src/scheduler/binding.dart:1397:15)
#758    SchedulerBinding.handleDrawFrame (package:flutter/src/scheduler/binding.dart:1318:9)
#759    AutomatedTestWidgetsFlutterBinding.pump.<anonymous closure> (package:flutter_test/src/binding.dart:1283:9)
#762    TestAsyncUtils.guard (package:flutter_test/src/test_async_utils.dart:74:41)
#763    AutomatedTestWidgetsFlutterBinding.pump (package:flutter_test/src/binding.dart:1270:27)
#764    WidgetTester.pumpWidget.<anonymous closure> (package:flutter_test/src/widget_tester.dart:608:22)
#767    TestAsyncUtils.guard (package:flutter_test/src/test_async_utils.dart:74:41)
#768    WidgetTester.pumpWidget (package:flutter_test/src/widget_tester.dart:605:27)
#769    main.<anonymous closure> (file:///D:/SkillConnect/test/widget_test.dart:7:18)
#770    testWidgets.<anonymous closure>.<anonymous closure> (package:flutter_test/src/widget_tester.dart:189:29)
<asynchronous suspension>
#771    TestWidgetsFlutterBinding._runTestBody (package:flutter_test/src/binding.dart:1027:5)
<asynchronous suspension>
<asynchronous suspension>
(elided 5 frames from dart:async and package:stack_trace)

ΓòÉΓòÉΓòÉΓòÉΓòÉΓòÉΓòÉΓòÉΓòÉΓòÉΓòÉΓòÉΓòÉΓòÉΓòÉΓòÉΓòÉΓòÉΓòÉΓòÉΓòÉΓòÉΓòÉΓòÉΓòÉΓòÉΓòÉΓòÉΓòÉΓòÉΓòÉΓòÉΓòÉΓòÉΓòÉΓòÉΓòÉΓòÉΓòÉΓòÉΓòÉΓòÉΓòÉΓòÉΓòÉΓòÉΓòÉΓòÉΓòÉΓòÉΓòÉΓòÉΓòÉΓòÉΓòÉΓòÉΓòÉΓòÉΓòÉΓòÉΓòÉΓòÉΓòÉΓòÉΓòÉΓòÉΓòÉΓòÉΓòÉΓòÉΓòÉΓòÉΓòÉΓòÉΓòÉΓòÉΓòÉΓòÉΓòÉΓòÉΓòÉΓòÉΓòÉΓòÉΓòÉΓòÉΓòÉΓòÉΓòÉΓòÉΓòÉΓòÉΓòÉΓòÉΓòÉΓòÉΓòÉΓòÉΓòÉΓòÉ
ΓòÉΓòÉΓòí EXCEPTION CAUGHT BY FLUTTER TEST FRAMEWORK Γò₧ΓòÉΓòÉΓòÉΓòÉΓòÉΓòÉΓòÉΓòÉΓòÉΓòÉΓòÉΓòÉΓòÉΓòÉΓòÉΓòÉΓòÉΓòÉΓòÉΓòÉΓòÉΓòÉΓòÉΓòÉΓòÉΓòÉΓòÉΓòÉΓòÉΓòÉΓòÉΓòÉΓòÉΓòÉΓòÉΓòÉΓòÉΓòÉΓòÉΓòÉΓòÉΓòÉΓòÉΓòÉΓòÉΓòÉΓòÉΓòÉΓòÉΓòÉΓòÉΓòÉ
The following TestFailure was thrown running a test:
Expected: exactly one matching candidate
  Actual: _TextWidgetFinder:<Found 0 widgets with text "SkillConnect": []>
   Which: means none were found but one was expected

When the exception was thrown, this was the stack:
#4      main.<anonymous closure> (file:///D:/SkillConnect/test/widget_test.dart:10:5)
<asynchronous suspension>
#5      testWidgets.<anonymous closure>.<anonymous closure> (package:flutter_test/src/widget_tester.dart:189:15)
<asynchronous suspension>
#6      TestWidgetsFlutterBinding._runTestBody (package:flutter_test/src/binding.dart:1027:5)
<asynchronous suspension>
<asynchronous suspension>
(elided one frame from package:stack_trace)

This was caught by the test expectation on the following line:
  file:///D:/SkillConnect/test/widget_test.dart line 10
The test description was:
  HomePage has a title and categories
ΓòÉΓòÉΓòÉΓòÉΓòÉΓòÉΓòÉΓòÉΓòÉΓòÉΓòÉΓòÉΓòÉΓòÉΓòÉΓòÉΓòÉΓòÉΓòÉΓòÉΓòÉΓòÉΓòÉΓòÉΓòÉΓòÉΓòÉΓòÉΓòÉΓòÉΓòÉΓòÉΓòÉΓòÉΓòÉΓòÉΓòÉΓòÉΓòÉΓòÉΓòÉΓòÉΓòÉΓòÉΓòÉΓòÉΓòÉΓòÉΓòÉΓòÉΓòÉΓòÉΓòÉΓòÉΓòÉΓòÉΓòÉΓòÉΓòÉΓòÉΓòÉΓòÉΓòÉΓòÉΓòÉΓòÉΓòÉΓòÉΓòÉΓòÉΓòÉΓòÉΓòÉΓòÉΓòÉΓòÉΓòÉΓòÉΓòÉΓòÉΓòÉΓòÉΓòÉΓòÉΓòÉΓòÉΓòÉΓòÉΓòÉΓòÉΓòÉΓòÉΓòÉΓòÉΓòÉΓòÉΓòÉΓòÉΓòÉΓòÉ
ΓòÉΓòÉΓòí EXCEPTION CAUGHT BY FLUTTER TEST FRAMEWORK Γò₧ΓòÉΓòÉΓòÉΓòÉΓòÉΓòÉΓòÉΓòÉΓòÉΓòÉΓòÉΓòÉΓòÉΓòÉΓòÉΓòÉΓòÉΓòÉΓòÉΓòÉΓòÉΓòÉΓòÉΓòÉΓòÉΓòÉΓòÉΓòÉΓòÉΓòÉΓòÉΓòÉΓòÉΓòÉΓòÉΓòÉΓòÉΓòÉΓòÉΓòÉΓòÉΓòÉΓòÉΓòÉΓòÉΓòÉΓòÉΓòÉΓòÉΓòÉΓòÉΓòÉ
The following message was thrown:
Multiple exceptions (2) were detected during the running of the current test, and at least one was
unexpected.
ΓòÉΓòÉΓòÉΓòÉΓòÉΓòÉΓòÉΓòÉΓòÉΓòÉΓòÉΓòÉΓòÉΓòÉΓòÉΓòÉΓòÉΓòÉΓòÉΓòÉΓòÉΓòÉΓòÉΓòÉΓòÉΓòÉΓòÉΓòÉΓòÉΓòÉΓòÉΓòÉΓòÉΓòÉΓòÉΓòÉΓòÉΓòÉΓòÉΓòÉΓòÉΓòÉΓòÉΓòÉΓòÉΓòÉΓòÉΓòÉΓòÉΓòÉΓòÉΓòÉΓòÉΓòÉΓòÉΓòÉΓòÉΓòÉΓòÉΓòÉΓòÉΓòÉΓòÉΓòÉΓòÉΓòÉΓòÉΓòÉΓòÉΓòÉΓòÉΓòÉΓòÉΓòÉΓòÉΓòÉΓòÉΓòÉΓòÉΓòÉΓòÉΓòÉΓòÉΓòÉΓòÉΓòÉΓòÉΓòÉΓòÉΓòÉΓòÉΓòÉΓòÉΓòÉΓòÉΓòÉΓòÉΓòÉΓòÉΓòÉ
00:01 +4 -1: D:/SkillConnect/test/widget_test.dart: HomePage has a title and categories [E]
  Test failed. See exception logs above.
  The test description was: HomePage has a title and categories
  
00:01 +4 -1: Some tests failed.
